[    0.000000] Initializing cgroup subsys cpuset
[    0.000000] Initializing cgroup subsys cpu
[    0.000000] Initializing cgroup subsys cpuacct
[    0.000000] Linux version 4.2.0-42-generic (buildd@lgw01-55) (gcc version 4.8.4 (Ubuntu 4.8.4-2ubuntu1~14.04.3) ) #49~14.04.1-Ubuntu SMP Wed Jun 29 20:22:11 UTC 2016 (Ubuntu 4.2.0-42.49~14.04.1-generic 4.2.8-ckt12)
[    0.000000] Command line: BOOT_IMAGE=/boot/vmlinuz-4.2.0-42-generic root=UUID=67f96704-e0d3-4147-8676-2b90bdf977ea ro quiet splash
[    0.000000] KERNEL supported cpus:
[    0.000000]   Intel GenuineIntel
[    0.000000]   AMD AuthenticAMD
[    0.000000]   Centaur CentaurHauls
[    0.000000] x86/fpu: xstate_offset[2]: 0240, xstate_sizes[2]: 0100
[    0.000000] x86/fpu: Supporting XSAVE feature 0x01: 'x87 floating point registers'
[    0.000000] x86/fpu: Supporting XSAVE feature 0x02: 'SSE registers'
[    0.000000] x86/fpu: Supporting XSAVE feature 0x04: 'AVX registers'
[    0.000000] x86/fpu: Enabled xstate features 0x7, context size is 0x340 bytes, using 'standard' format.
[    0.000000] x86/fpu: Using 'eager' FPU context switches.
[    0.000000] e820: BIOS-provided physical RAM map:
[    0.000000] BIOS-e820: [mem 0x0000000000000000-0x000000000009d7ff] usable
[    0.000000] BIOS-e820: [mem 0x000000000009d800-0x000000000009ffff] reserved
[    0.000000] BIOS-e820: [mem 0x00000000000e0000-0x00000000000fffff] reserved
[    0.000000] BIOS-e820: [mem 0x0000000000100000-0x00000000c769afff] usable
[    0.000000] BIOS-e820: [mem 0x00000000c769b000-0x00000000c76a1fff] ACPI NVS
[    0.000000] BIOS-e820: [mem 0x00000000c76a2000-0x00000000c7afbfff] usable
[    0.000000] BIOS-e820: [mem 0x00000000c7afc000-0x00000000c7f7efff] reserved
[    0.000000] BIOS-e820: [mem 0x00000000c7f7f000-0x00000000dc50dfff] usable
[    0.000000] BIOS-e820: [mem 0x00000000dc50e000-0x00000000dc597fff] reserved
[    0.000000] BIOS-e820: [mem 0x00000000dc598000-0x00000000dc5b0fff] ACPI data
[    0.000000] BIOS-e820: [mem 0x00000000dc5b1000-0x00000000dcb05fff] ACPI NVS
[    0.000000] BIOS-e820: [mem 0x00000000dcb06000-0x00000000ddffefff] reserved
[    0.000000] BIOS-e820: [mem 0x00000000ddfff000-0x00000000ddffffff] usable
[    0.000000] BIOS-e820: [mem 0x00000000f8000000-0x00000000fbffffff] reserved
[    0.000000] BIOS-e820: [mem 0x00000000fec00000-0x00000000fec00fff] reserved
[    0.000000] BIOS-e820: [mem 0x00000000fed00000-0x00000000fed03fff] reserved
[    0.000000] BIOS-e820: [mem 0x00000000fed1c000-0x00000000fed1ffff] reserved
[    0.000000] BIOS-e820: [mem 0x00000000fee00000-0x00000000fee00fff] reserved
[    0.000000] BIOS-e820: [mem 0x00000000ff000000-0x00000000ffffffff] reserved
[    0.000000] BIOS-e820: [mem 0x0000000100000000-0x000000081dffffff] usable
[    0.000000] NX (Execute Disable) protection: active
[    0.000000] SMBIOS 2.7 present.
[    0.000000] DMI: OEGStone CS-B/CS-B, BIOS 9213 04/29/2015
[    0.000000] e820: update [mem 0x00000000-0x00000fff] usable ==> reserved
[    0.000000] e820: remove [mem 0x000a0000-0x000fffff] usable
[    0.000000] e820: last_pfn = 0x81e000 max_arch_pfn = 0x400000000
[    0.000000] MTRR default type: uncachable
[    0.000000] MTRR fixed ranges enabled:
[    0.000000]   00000-9FFFF write-back
[    0.000000]   A0000-BFFFF uncachable
[    0.000000]   C0000-CFFFF write-protect
[    0.000000]   D0000-E7FFF uncachable
[    0.000000]   E8000-FFFFF write-protect
[    0.000000] MTRR variable ranges enabled:
[    0.000000]   0 base 0000000000 mask 7800000000 write-back
[    0.000000]   1 base 0800000000 mask 7FF0000000 write-back
[    0.000000]   2 base 0810000000 mask 7FF8000000 write-back
[    0.000000]   3 base 0818000000 mask 7FFC000000 write-back
[    0.000000]   4 base 081C000000 mask 7FFE000000 write-back
[    0.000000]   5 base 00E0000000 mask 7FE0000000 uncachable
[    0.000000]   6 disabled
[    0.000000]   7 disabled
[    0.000000]   8 disabled
[    0.000000]   9 disabled
[    0.000000] x86/PAT: Configuration [0-7]: WB  WC  UC- UC  WB  WC  UC- WT  
[    0.000000] original variable MTRRs
[    0.000000] reg 0, base: 0GB, range: 32GB, type WB
[    0.000000] reg 1, base: 32GB, range: 256MB, type WB
[    0.000000] reg 2, base: 33024MB, range: 128MB, type WB
[    0.000000] reg 3, base: 33152MB, range: 64MB, type WB
[    0.000000] reg 4, base: 33216MB, range: 32MB, type WB
[    0.000000] reg 5, base: 3584MB, range: 512MB, type UC
[    0.000000] total RAM covered: 32736M
[    0.000000] Found optimal setting for mtrr clean up
[    0.000000]  gran_size: 64K 	chunk_size: 64M 	num_reg: 8  	lose cover RAM: 0G
[    0.000000] New variable MTRRs
[    0.000000] reg 0, base: 0GB, range: 2GB, type WB
[    0.000000] reg 1, base: 2GB, range: 1GB, type WB
[    0.000000] reg 2, base: 3GB, range: 512MB, type WB
[    0.000000] reg 3, base: 4GB, range: 4GB, type WB
[    0.000000] reg 4, base: 8GB, range: 8GB, type WB
[    0.000000] reg 5, base: 16GB, range: 16GB, type WB
[    0.000000] reg 6, base: 32GB, range: 512MB, type WB
[    0.000000] reg 7, base: 33248MB, range: 32MB, type UC
[    0.000000] e820: update [mem 0xe0000000-0xffffffff] usable ==> reserved
[    0.000000] e820: last_pfn = 0xde000 max_arch_pfn = 0x400000000
[    0.000000] found SMP MP-table at [mem 0x000fd720-0x000fd72f] mapped at [ffff8800000fd720]
[    0.000000] Scanning 1 areas for low memory corruption
[    0.000000] Base memory trampoline at [ffff880000097000] 97000 size 24576
[    0.000000] Using GB pages for direct mapping
[    0.000000] init_memory_mapping: [mem 0x00000000-0x000fffff]
[    0.000000]  [mem 0x00000000-0x000fffff] page 4k
[    0.000000] BRK [0x01ff6000, 0x01ff6fff] PGTABLE
[    0.000000] BRK [0x01ff7000, 0x01ff7fff] PGTABLE
[    0.000000] BRK [0x01ff8000, 0x01ff8fff] PGTABLE
[    0.000000] init_memory_mapping: [mem 0x81de00000-0x81dffffff]
[    0.000000]  [mem 0x81de00000-0x81dffffff] page 2M
[    0.000000] BRK [0x01ff9000, 0x01ff9fff] PGTABLE
[    0.000000] init_memory_mapping: [mem 0x800000000-0x81ddfffff]
[    0.000000]  [mem 0x800000000-0x81ddfffff] page 2M
[    0.000000] init_memory_mapping: [mem 0x7e0000000-0x7ffffffff]
[    0.000000]  [mem 0x7e0000000-0x7ffffffff] page 1G
[    0.000000] init_memory_mapping: [mem 0x00100000-0xc769afff]
[    0.000000]  [mem 0x00100000-0x001fffff] page 4k
[    0.000000]  [mem 0x00200000-0x3fffffff] page 2M
[    0.000000]  [mem 0x40000000-0xbfffffff] page 1G
[    0.000000]  [mem 0xc0000000-0xc75fffff] page 2M
[    0.000000]  [mem 0xc7600000-0xc769afff] page 4k
[    0.000000] init_memory_mapping: [mem 0xc76a2000-0xc7afbfff]
[    0.000000]  [mem 0xc76a2000-0xc77fffff] page 4k
[    0.000000]  [mem 0xc7800000-0xc79fffff] page 2M
[    0.000000]  [mem 0xc7a00000-0xc7afbfff] page 4k
[    0.000000] BRK [0x01ffa000, 0x01ffafff] PGTABLE
[    0.000000] init_memory_mapping: [mem 0xc7f7f000-0xdc50dfff]
[    0.000000]  [mem 0xc7f7f000-0xc7ffffff] page 4k
[    0.000000]  [mem 0xc8000000-0xdc3fffff] page 2M
[    0.000000]  [mem 0xdc400000-0xdc50dfff] page 4k
[    0.000000] BRK [0x01ffb000, 0x01ffbfff] PGTABLE
[    0.000000] init_memory_mapping: [mem 0xddfff000-0xddffffff]
[    0.000000]  [mem 0xddfff000-0xddffffff] page 4k
[    0.000000] init_memory_mapping: [mem 0x100000000-0x7dfffffff]
[    0.000000]  [mem 0x100000000-0x7dfffffff] page 1G
[    0.000000] RAMDISK: [mem 0x35730000-0x36b8ffff]
[    0.000000] ACPI: Early table checksum verification disabled
[    0.000000] ACPI: RSDP 0x00000000000F0490 000024 (v02 ALASKA)
[    0.000000] ACPI: XSDT 0x00000000DC59D090 00009C (v01 OEGROU STONE    01072009 AMI  00010013)
[    0.000000] ACPI: FACP 0x00000000DC5AB8A8 00010C (v05 ALASKA A M I    01072009 AMI  00010013)
[    0.000000] ACPI: DSDT 0x00000000DC59D1B8 00E6EE (v02 ALASKA A M I    00000031 INTL 20091112)
[    0.000000] ACPI: FACS 0x00000000DCB04080 000040
[    0.000000] ACPI: APIC 0x00000000DC5AB9B8 000092 (v03 ALASKA A M I    01072009 AMI  00010013)
[    0.000000] ACPI: FPDT 0x00000000DC5ABA50 000044 (v01 ALASKA A M I    01072009 AMI  00010013)
[    0.000000] ACPI: TCPA 0x00000000DC5ABA98 000032 (v02 APTIO4 NAPAASF  00000001 MSFT 01000013)
[    0.000000] ACPI: LPIT 0x00000000DC5ABAD0 00005C (v01 ALASKA A M I    00000000 AMI. 00000005)
[    0.000000] ACPI: SSDT 0x00000000DC5ABB30 000539 (v01 PmRef  Cpu0Ist  00003000 INTL 20091112)
[    0.000000] ACPI: SSDT 0x00000000DC5AC070 000AD8 (v01 PmRef  CpuPm    00003000 INTL 20091112)
[    0.000000] ACPI: MCFG 0x00000000DC5ACB48 00003C (v01 ALASKA A M I    01072009 MSFT 00000097)
[    0.000000] ACPI: HPET 0x00000000DC5ACB88 000038 (v01 ALASKA A M I    01072009 AMI. 00000005)
[    0.000000] ACPI: SSDT 0x00000000DC5ACBC0 00036D (v01 SataRe SataTabl 00001000 INTL 20091112)
[    0.000000] ACPI: SSDT 0x00000000DC5ACF30 0034E1 (v01 SaSsdt SaSsdt   00003000 INTL 20091112)
[    0.000000] ACPI: MSDM 0x00000000DC5B0418 000055 (v01 OEGROU STONE    00000001 MSFT 00000000)
[    0.000000] ACPI: SLIC 0x00000000DC5B0470 000176 (v01 OEGROU STONE    00000000      00000000)
[    0.000000] ACPI: ASF! 0x00000000DC5B05E8 0000A5 (v32 INTEL   HCG     00000001 TFSM 000F4240)
[    0.000000] ACPI: BGRT 0x00000000DC5B0690 000038 (v00 ALASKA A M I    01072009 AMI  00010013)
[    0.000000] ACPI: Local APIC address 0xfee00000
[    0.000000] No NUMA configuration found
[    0.000000] Faking a node at [mem 0x0000000000000000-0x000000081dffffff]
[    0.000000] NODE_DATA(0) allocated [mem 0x81dff7000-0x81dffbfff]
[    0.000000]  [ffffea0000000000-ffffea00207fffff] PMD -> [ffff8807fd600000-ffff88081d5fffff] on node 0
[    0.000000] Zone ranges:
[    0.000000]   DMA      [mem 0x0000000000001000-0x0000000000ffffff]
[    0.000000]   DMA32    [mem 0x0000000001000000-0x00000000ffffffff]
[    0.000000]   Normal   [mem 0x0000000100000000-0x000000081dffffff]
[    0.000000] Movable zone start for each node
[    0.000000] Early memory node ranges
[    0.000000]   node   0: [mem 0x0000000000001000-0x000000000009cfff]
[    0.000000]   node   0: [mem 0x0000000000100000-0x00000000c769afff]
[    0.000000]   node   0: [mem 0x00000000c76a2000-0x00000000c7afbfff]
[    0.000000]   node   0: [mem 0x00000000c7f7f000-0x00000000dc50dfff]
[    0.000000]   node   0: [mem 0x00000000ddfff000-0x00000000ddffffff]
[    0.000000]   node   0: [mem 0x0000000100000000-0x000000081dffffff]
[    0.000000] Initmem setup node 0 [mem 0x0000000000001000-0x000000081dffffff]
[    0.000000] On node 0 totalpages: 8364065
[    0.000000]   DMA zone: 64 pages used for memmap
[    0.000000]   DMA zone: 21 pages reserved
[    0.000000]   DMA zone: 3996 pages, LIFO batch:0
[    0.000000]   DMA32 zone: 14019 pages used for memmap
[    0.000000]   DMA32 zone: 897157 pages, LIFO batch:31
[    0.000000]   Normal zone: 116608 pages used for memmap
[    0.000000]   Normal zone: 7462912 pages, LIFO batch:31
[    0.000000] ACPI: PM-Timer IO Port: 0x1808
[    0.000000] ACPI: Local APIC address 0xfee00000
[    0.000000] ACPI: LAPIC_NMI (acpi_id[0xff] high edge lint[0x1])
[    0.000000] IOAPIC[0]: apic_id 8, version 32, address 0xfec00000, GSI 0-23
[    0.000000] ACPI: INT_SRC_OVR (bus 0 bus_irq 0 global_irq 2 dfl dfl)
[    0.000000] ACPI: INT_SRC_OVR (bus 0 bus_irq 9 global_irq 9 high level)
[    0.000000] ACPI: IRQ0 used by override.
[    0.000000] ACPI: IRQ9 used by override.
[    0.000000] Using ACPI (MADT) for SMP configuration information
[    0.000000] ACPI: HPET id: 0x8086a701 base: 0xfed00000
[    0.000000] smpboot: Allowing 8 CPUs, 0 hotplug CPUs
[    0.000000] PM: Registered nosave memory: [mem 0x00000000-0x00000fff]
[    0.000000] PM: Registered nosave memory: [mem 0x0009d000-0x0009dfff]
[    0.000000] PM: Registered nosave memory: [mem 0x0009e000-0x0009ffff]
[    0.000000] PM: Registered nosave memory: [mem 0x000a0000-0x000dffff]
[    0.000000] PM: Registered nosave memory: [mem 0x000e0000-0x000fffff]
[    0.000000] PM: Registered nosave memory: [mem 0xc769b000-0xc76a1fff]
[    0.000000] PM: Registered nosave memory: [mem 0xc7afc000-0xc7f7efff]
[    0.000000] PM: Registered nosave memory: [mem 0xdc50e000-0xdc597fff]
[    0.000000] PM: Registered nosave memory: [mem 0xdc598000-0xdc5b0fff]
[    0.000000] PM: Registered nosave memory: [mem 0xdc5b1000-0xdcb05fff]
[    0.000000] PM: Registered nosave memory: [mem 0xdcb06000-0xddffefff]
[    0.000000] PM: Registered nosave memory: [mem 0xde000000-0xf7ffffff]
[    0.000000] PM: Registered nosave memory: [mem 0xf8000000-0xfbffffff]
[    0.000000] PM: Registered nosave memory: [mem 0xfc000000-0xfebfffff]
[    0.000000] PM: Registered nosave memory: [mem 0xfec00000-0xfec00fff]
[    0.000000] PM: Registered nosave memory: [mem 0xfec01000-0xfecfffff]
[    0.000000] PM: Registered nosave memory: [mem 0xfed00000-0xfed03fff]
[    0.000000] PM: Registered nosave memory: [mem 0xfed04000-0xfed1bfff]
[    0.000000] PM: Registered nosave memory: [mem 0xfed1c000-0xfed1ffff]
[    0.000000] PM: Registered nosave memory: [mem 0xfed20000-0xfedfffff]
[    0.000000] PM: Registered nosave memory: [mem 0xfee00000-0xfee00fff]
[    0.000000] PM: Registered nosave memory: [mem 0xfee01000-0xfeffffff]
[    0.000000] PM: Registered nosave memory: [mem 0xff000000-0xffffffff]
[    0.000000] e820: [mem 0xde000000-0xf7ffffff] available for PCI devices
[    0.000000] Booting paravirtualized kernel on bare hardware
[    0.000000] clocksource: refined-jiffies: mask: 0xffffffff max_cycles: 0xffffffff, max_idle_ns: 7645519600211568 ns
[    0.000000] setup_percpu: NR_CPUS:256 nr_cpumask_bits:256 nr_cpu_ids:8 nr_node_ids:1
[    0.000000] PERCPU: Embedded 33 pages/cpu @ffff88081dc00000 s96728 r8192 d30248 u262144
[    0.000000] pcpu-alloc: s96728 r8192 d30248 u262144 alloc=1*2097152
[    0.000000] pcpu-alloc: [0] 0 1 2 3 4 5 6 7 
[    0.000000] Built 1 zonelists in Node order, mobility grouping on.  Total pages: 8233353
[    0.000000] Policy zone: Normal
[    0.000000] Kernel command line: BOOT_IMAGE=/boot/vmlinuz-4.2.0-42-generic root=UUID=67f96704-e0d3-4147-8676-2b90bdf977ea ro quiet splash
[    0.000000] PID hash table entries: 4096 (order: 3, 32768 bytes)
[    0.000000] Calgary: detecting Calgary via BIOS EBDA area
[    0.000000] Calgary: Unable to locate Rio Grande table in EBDA - bailing!
[    0.000000] Memory: 32827252K/33456260K available (7969K kernel code, 1248K rwdata, 3820K rodata, 1472K init, 1292K bss, 629008K reserved, 0K cma-reserved)
[    0.000000] SLUB: HWalign=64, Order=0-3, MinObjects=0, CPUs=8, Nodes=1
[    0.000000] Hierarchical RCU implementation.
[    0.000000] 	Build-time adjustment of leaf fanout to 64.
[    0.000000] 	RCU restricting CPUs from NR_CPUS=256 to nr_cpu_ids=8.
[    0.000000] RCU: Adjusting geometry for rcu_fanout_leaf=64, nr_cpu_ids=8
[    0.000000] NR_IRQS:16640 nr_irqs:488 16
[    0.000000] 	Offload RCU callbacks from all CPUs
[    0.000000] 	Offload RCU callbacks from CPUs: 0-7.
[    0.000000] Console: colour VGA+ 80x25
[    0.000000] console [tty0] enabled
[    0.000000] clocksource: hpet: mask: 0xffffffff max_cycles: 0xffffffff, max_idle_ns: 133484882848 ns
[    0.000000] hpet clockevent registered
[    0.000000] tsc: Fast TSC calibration using PIT
[    0.000000] tsc: Detected 3990.789 MHz processor
[    0.000017] Calibrating delay loop (skipped), value calculated using timer frequency.. 7981.57 BogoMIPS (lpj=15963156)
[    0.000019] pid_max: default: 32768 minimum: 301
[    0.000022] ACPI: Core revision 20150619
[    0.006212] ACPI: All ACPI Tables successfully acquired
[    0.006224] Security Framework initialized
[    0.006231] AppArmor: AppArmor initialized
[    0.006231] Yama: becoming mindful.
[    0.007353] Dentry cache hash table entries: 4194304 (order: 13, 33554432 bytes)
[    0.010977] Inode-cache hash table entries: 2097152 (order: 12, 16777216 bytes)
[    0.012549] Mount-cache hash table entries: 65536 (order: 7, 524288 bytes)
[    0.012568] Mountpoint-cache hash table entries: 65536 (order: 7, 524288 bytes)
[    0.012774] Initializing cgroup subsys blkio
[    0.012776] Initializing cgroup subsys memory
[    0.012780] Initializing cgroup subsys devices
[    0.012782] Initializing cgroup subsys freezer
[    0.012783] Initializing cgroup subsys net_cls
[    0.012784] Initializing cgroup subsys perf_event
[    0.012786] Initializing cgroup subsys net_prio
[    0.012787] Initializing cgroup subsys hugetlb
[    0.012802] CPU: Physical Processor ID: 0
[    0.012802] CPU: Processor Core ID: 0
[    0.012805] ENERGY_PERF_BIAS: Set to 'normal', was 'performance'
[    0.012805] ENERGY_PERF_BIAS: View and update with x86_energy_perf_policy(8)
[    0.013481] mce: CPU supports 9 MCE banks
[    0.013490] CPU0: Thermal monitoring enabled (TM1)
[    0.013497] process: using mwait in idle threads
[    0.013499] Last level iTLB entries: 4KB 1024, 2MB 1024, 4MB 1024
[    0.013499] Last level dTLB entries: 4KB 1024, 2MB 1024, 4MB 1024, 1GB 4
[    0.013717] Freeing SMP alternatives memory: 28K (ffffffff81eaa000 - ffffffff81eb1000)
[    0.015011] ftrace: allocating 31010 entries in 122 pages
[    0.023015] x2apic: IRQ remapping doesn't support X2APIC mode
[    0.023409] ..TIMER: vector=0x30 apic1=0 pin1=2 apic2=-1 pin2=-1
[    0.063157] TSC deadline timer enabled
[    0.063158] smpboot: CPU0: Intel(R) Core(TM) i7-4790K CPU @ 4.00GHz (fam: 06, model: 3c, stepping: 03)
[    0.063173] Performance Events: PEBS fmt2+, 16-deep LBR, Haswell events, full-width counters, Intel PMU driver.
[    0.063184] ... version:                3
[    0.063185] ... bit width:              48
[    0.063185] ... generic registers:      4
[    0.063186] ... value mask:             0000ffffffffffff
[    0.063186] ... max period:             0000ffffffffffff
[    0.063187] ... fixed-purpose events:   3
[    0.063187] ... event mask:             000000070000000f
[    0.063683] x86: Booting SMP configuration:
[    0.063684] .... node  #0, CPUs:      #1
[    0.067567] NMI watchdog: enabled on all CPUs, permanently consumes one hw-PMU counter.
[    0.067620]  #2 #3 #4 #5 #6 #7
[    0.090776] x86: Booted up 1 node, 8 CPUs
[    0.090778] smpboot: Total of 8 processors activated (63852.62 BogoMIPS)
[    0.096868] devtmpfs: initialized
[    0.099402] evm: security.selinux
[    0.099403] evm: security.SMACK64
[    0.099404] evm: security.SMACK64EXEC
[    0.099404] evm: security.SMACK64TRANSMUTE
[    0.099405] evm: security.SMACK64MMAP
[    0.099405] evm: security.ima
[    0.099405] evm: security.capability
[    0.099433] PM: Registering ACPI NVS region [mem 0xc769b000-0xc76a1fff] (28672 bytes)
[    0.099434] PM: Registering ACPI NVS region [mem 0xdc5b1000-0xdcb05fff] (5591040 bytes)
[    0.099518] clocksource: jiffies: mask: 0xffffffff max_cycles: 0xffffffff, max_idle_ns: 7645041785100000 ns
[    0.099575] pinctrl core: initialized pinctrl subsystem
[    0.099643] RTC time: 14:41:58, date: 03/28/18
[    0.100110] NET: Registered protocol family 16
[    0.104778] cpuidle: using governor ladder
[    0.108800] cpuidle: using governor menu
[    0.108843] ACPI FADT declares the system doesn't support PCIe ASPM, so disable it
[    0.108844] ACPI: bus type PCI registered
[    0.108845] acpiphp: ACPI Hot Plug PCI Controller Driver version: 0.5
[    0.108885] PCI: MMCONFIG for domain 0000 [bus 00-3f] at [mem 0xf8000000-0xfbffffff] (base 0xf8000000)
[    0.108886] PCI: MMCONFIG at [mem 0xf8000000-0xfbffffff] reserved in E820
[    0.108891] PCI: Using configuration type 1 for base access
[    0.109223] perf_event_intel: PMU erratum BJ122, BV98, HSD29 worked around, HT is on
[    0.112983] ACPI: Added _OSI(Module Device)
[    0.112985] ACPI: Added _OSI(Processor Device)
[    0.112985] ACPI: Added _OSI(3.0 _SCP Extensions)
[    0.112986] ACPI: Added _OSI(Processor Aggregator Device)
[    0.115118] ACPI: Executed 1 blocks of module-level executable AML code
[    0.116504] [Firmware Bug]: ACPI: BIOS _OSI(Linux) query ignored
[    0.116836] ACPI: Dynamic OEM Table Load:
[    0.116840] ACPI: SSDT 0xFFFF8807F94E5000 0003D3 (v01 PmRef  Cpu0Cst  00003001 INTL 20091112)
[    0.117191] ACPI: Dynamic OEM Table Load:
[    0.117194] ACPI: SSDT 0xFFFF8807F94EA000 0005AA (v01 PmRef  ApIst    00003000 INTL 20091112)
[    0.117564] ACPI: Dynamic OEM Table Load:
[    0.117566] ACPI: SSDT 0xFFFF8807F9502C00 000119 (v01 PmRef  ApCst    00003000 INTL 20091112)
[    0.118515] ACPI: Interpreter enabled
[    0.118519] ACPI Exception: AE_NOT_FOUND, While evaluating Sleep State [\_S1_] (20150619/hwxface-580)
[    0.118522] ACPI Exception: AE_NOT_FOUND, While evaluating Sleep State [\_S2_] (20150619/hwxface-580)
[    0.118531] ACPI: (supports S0 S3 S4 S5)
[    0.118532] ACPI: Using IOAPIC for interrupt routing
[    0.118545] PCI: Using host bridge windows from ACPI; if necessary, use "pci=nocrs" and report a bug
[    0.123155] ACPI: Power Resource [FN00] (off)
[    0.123195] ACPI: Power Resource [FN01] (off)
[    0.123233] ACPI: Power Resource [FN02] (off)
[    0.123270] ACPI: Power Resource [FN03] (off)
[    0.123308] ACPI: Power Resource [FN04] (off)
[    0.123750] ACPI: PCI Root Bridge [PCI0] (domain 0000 [bus 00-3e])
[    0.123753] acpi PNP0A08:00: _OSC: OS supports [ExtendedConfig ASPM ClockPM Segments MSI]
[    0.123872] acpi PNP0A08:00: _OSC: platform does not support [PCIeHotplug PME]
[    0.123937] acpi PNP0A08:00: _OSC: OS now controls [AER PCIeCapability]
[    0.123938] acpi PNP0A08:00: FADT indicates ASPM is unsupported, using BIOS configuration
[    0.124125] PCI host bridge to bus 0000:00
[    0.124127] pci_bus 0000:00: root bus resource [bus 00-3e]
[    0.124128] pci_bus 0000:00: root bus resource [io  0x0000-0x0cf7 window]
[    0.124129] pci_bus 0000:00: root bus resource [io  0x0d00-0xffff window]
[    0.124130] pci_bus 0000:00: root bus resource [mem 0x000a0000-0x000bffff window]
[    0.124130] pci_bus 0000:00: root bus resource [mem 0x000d0000-0x000d3fff window]
[    0.124131] pci_bus 0000:00: root bus resource [mem 0x000d4000-0x000d7fff window]
[    0.124132] pci_bus 0000:00: root bus resource [mem 0x000d8000-0x000dbfff window]
[    0.124133] pci_bus 0000:00: root bus resource [mem 0x000dc000-0x000dffff window]
[    0.124133] pci_bus 0000:00: root bus resource [mem 0x000e0000-0x000e3fff window]
[    0.124134] pci_bus 0000:00: root bus resource [mem 0x000e4000-0x000e7fff window]
[    0.124135] pci_bus 0000:00: root bus resource [mem 0xe0000000-0xfeafffff window]
[    0.124139] pci 0000:00:00.0: [8086:0c00] type 00 class 0x060000
[    0.124185] pci 0000:00:01.0: [8086:0c01] type 01 class 0x060400
[    0.124205] pci 0000:00:01.0: PME# supported from D0 D3hot D3cold
[    0.124246] pci 0000:00:01.0: System wakeup disabled by ACPI
[    0.124287] pci 0000:00:14.0: [8086:8c31] type 00 class 0x0c0330
[    0.124300] pci 0000:00:14.0: reg 0x10: [mem 0xf7120000-0xf712ffff 64bit]
[    0.124344] pci 0000:00:14.0: PME# supported from D3hot D3cold
[    0.124363] pci 0000:00:14.0: System wakeup disabled by ACPI
[    0.124384] pci 0000:00:16.0: [8086:8c3a] type 00 class 0x078000
[    0.124398] pci 0000:00:16.0: reg 0x10: [mem 0xf713c000-0xf713c00f 64bit]
[    0.124445] pci 0000:00:16.0: PME# supported from D0 D3hot D3cold
[    0.124482] pci 0000:00:16.3: [8086:8c3d] type 00 class 0x070002
[    0.124493] pci 0000:00:16.3: reg 0x10: [io  0xf0a0-0xf0a7]
[    0.124499] pci 0000:00:16.3: reg 0x14: [mem 0xf713a000-0xf713afff]
[    0.124580] pci 0000:00:19.0: [8086:153a] type 00 class 0x020000
[    0.124592] pci 0000:00:19.0: reg 0x10: [mem 0xf7100000-0xf711ffff]
[    0.124597] pci 0000:00:19.0: reg 0x14: [mem 0xf7139000-0xf7139fff]
[    0.124603] pci 0000:00:19.0: reg 0x18: [io  0xf040-0xf05f]
[    0.124645] pci 0000:00:19.0: PME# supported from D0 D3hot D3cold
[    0.124664] pci 0000:00:19.0: System wakeup disabled by ACPI
[    0.124686] pci 0000:00:1a.0: [8086:8c2d] type 00 class 0x0c0320
[    0.124699] pci 0000:00:1a.0: reg 0x10: [mem 0xf7138000-0xf71383ff]
[    0.124763] pci 0000:00:1a.0: PME# supported from D0 D3hot D3cold
[    0.124789] pci 0000:00:1a.0: System wakeup disabled by ACPI
[    0.124812] pci 0000:00:1b.0: [8086:8c20] type 00 class 0x040300
[    0.124826] pci 0000:00:1b.0: reg 0x10: [mem 0xf7130000-0xf7133fff 64bit]
[    0.124876] pci 0000:00:1b.0: PME# supported from D0 D3hot D3cold
[    0.124896] pci 0000:00:1b.0: System wakeup disabled by ACPI
[    0.124919] pci 0000:00:1d.0: [8086:8c26] type 00 class 0x0c0320
[    0.124933] pci 0000:00:1d.0: reg 0x10: [mem 0xf7137000-0xf71373ff]
[    0.124996] pci 0000:00:1d.0: PME# supported from D0 D3hot D3cold
[    0.125022] pci 0000:00:1d.0: System wakeup disabled by ACPI
[    0.125045] pci 0000:00:1f.0: [8086:8c4e] type 00 class 0x060100
[    0.125160] pci 0000:00:1f.2: [8086:8c02] type 00 class 0x010601
[    0.125170] pci 0000:00:1f.2: reg 0x10: [io  0xf090-0xf097]
[    0.125175] pci 0000:00:1f.2: reg 0x14: [io  0xf080-0xf083]
[    0.125180] pci 0000:00:1f.2: reg 0x18: [io  0xf070-0xf077]
[    0.125185] pci 0000:00:1f.2: reg 0x1c: [io  0xf060-0xf063]
[    0.125191] pci 0000:00:1f.2: reg 0x20: [io  0xf020-0xf03f]
[    0.125196] pci 0000:00:1f.2: reg 0x24: [mem 0xf7136000-0xf71367ff]
[    0.125219] pci 0000:00:1f.2: PME# supported from D3hot
[    0.125253] pci 0000:00:1f.3: [8086:8c22] type 00 class 0x0c0500
[    0.125264] pci 0000:00:1f.3: reg 0x10: [mem 0xf7135000-0xf71350ff 64bit]
[    0.125279] pci 0000:00:1f.3: reg 0x20: [io  0xf000-0xf01f]
[    0.125348] pci 0000:01:00.0: [10de:13c0] type 00 class 0x030000
[    0.125357] pci 0000:01:00.0: reg 0x10: [mem 0xf6000000-0xf6ffffff]
[    0.125365] pci 0000:01:00.0: reg 0x14: [mem 0xe0000000-0xefffffff 64bit pref]
[    0.125373] pci 0000:01:00.0: reg 0x1c: [mem 0xf0000000-0xf1ffffff 64bit pref]
[    0.125379] pci 0000:01:00.0: reg 0x24: [io  0xe000-0xe07f]
[    0.125384] pci 0000:01:00.0: reg 0x30: [mem 0xf7000000-0xf707ffff pref]
[    0.125424] pci 0000:01:00.0: System wakeup disabled by ACPI
[    0.125445] pci 0000:01:00.1: [10de:0fbb] type 00 class 0x040300
[    0.125454] pci 0000:01:00.1: reg 0x10: [mem 0xf7080000-0xf7083fff]
[    0.132841] pci 0000:00:01.0: PCI bridge to [bus 01]
[    0.132842] pci 0000:00:01.0:   bridge window [io  0xe000-0xefff]
[    0.132844] pci 0000:00:01.0:   bridge window [mem 0xf6000000-0xf70fffff]
[    0.132846] pci 0000:00:01.0:   bridge window [mem 0xe0000000-0xf1ffffff 64bit pref]
[    0.133289] ACPI: PCI Interrupt Link [LNKA] (IRQs 3 4 5 6 7 10 *11 12 14 15)
[    0.133314] ACPI: PCI Interrupt Link [LNKB] (IRQs 3 4 5 6 7 *10 11 12 14 15)
[    0.133337] ACPI: PCI Interrupt Link [LNKC] (IRQs 3 4 5 6 7 *10 11 12 14 15)
[    0.133360] ACPI: PCI Interrupt Link [LNKD] (IRQs 3 4 5 6 *7 10 11 12 14 15)
[    0.133383] ACPI: PCI Interrupt Link [LNKE] (IRQs 3 4 5 6 7 10 11 12 *14 15)
[    0.133405] ACPI: PCI Interrupt Link [LNKF] (IRQs 3 4 5 6 7 10 11 12 14 *15)
[    0.133428] ACPI: PCI Interrupt Link [LNKG] (IRQs 3 4 5 *6 7 10 11 12 14 15)
[    0.133451] ACPI: PCI Interrupt Link [LNKH] (IRQs 3 4 5 6 7 10 *11 12 14 15)
[    0.133617] ACPI: Enabled 5 GPEs in block 00 to 3F
[    0.133670] vgaarb: setting as boot device: PCI:0000:01:00.0
[    0.133671] vgaarb: device added: PCI:0000:01:00.0,decodes=io+mem,owns=io+mem,locks=none
[    0.133672] vgaarb: loaded
[    0.133672] vgaarb: bridge control possible 0000:01:00.0
[    0.133804] SCSI subsystem initialized
[    0.133823] libata version 3.00 loaded.
[    0.133837] ACPI: bus type USB registered
[    0.133846] usbcore: registered new interface driver usbfs
[    0.133850] usbcore: registered new interface driver hub
[    0.133860] usbcore: registered new device driver usb
[    0.133933] PCI: Using ACPI for IRQ routing
[    0.135132] PCI: pci_cache_line_size set to 64 bytes
[    0.135163] e820: reserve RAM buffer [mem 0x0009d800-0x0009ffff]
[    0.135163] e820: reserve RAM buffer [mem 0xc769b000-0xc7ffffff]
[    0.135164] e820: reserve RAM buffer [mem 0xc7afc000-0xc7ffffff]
[    0.135165] e820: reserve RAM buffer [mem 0xdc50e000-0xdfffffff]
[    0.135166] e820: reserve RAM buffer [mem 0xde000000-0xdfffffff]
[    0.135166] e820: reserve RAM buffer [mem 0x81e000000-0x81fffffff]
[    0.135226] NetLabel: Initializing
[    0.135227] NetLabel:  domain hash size = 128
[    0.135227] NetLabel:  protocols = UNLABELED CIPSOv4
[    0.135233] NetLabel:  unlabeled traffic allowed by default
[    0.135265] hpet0: at MMIO 0xfed00000, IRQs 2, 8, 0, 0, 0, 0, 0, 0
[    0.135268] hpet0: 8 comparators, 64-bit 14.318180 MHz counter
[    0.137288] clocksource: Switched to clocksource hpet
[    0.140663] AppArmor: AppArmor Filesystem Enabled
[    0.140696] pnp: PnP ACPI init
[    0.140799] system 00:00: [io  0x0680-0x069f] has been reserved
[    0.140801] system 00:00: [io  0xffff] has been reserved
[    0.140802] system 00:00: [io  0xffff] has been reserved
[    0.140802] system 00:00: [io  0xffff] has been reserved
[    0.140803] system 00:00: [io  0x1c00-0x1cfe] has been reserved
[    0.140804] system 00:00: [io  0x1d00-0x1dfe] has been reserved
[    0.140805] system 00:00: [io  0x1e00-0x1efe] has been reserved
[    0.140806] system 00:00: [io  0x1f00-0x1ffe] has been reserved
[    0.140807] system 00:00: [io  0x1800-0x18fe] could not be reserved
[    0.140807] system 00:00: [io  0x164e-0x164f] has been reserved
[    0.140810] system 00:00: Plug and Play ACPI device, IDs PNP0c02 (active)
[    0.140822] pnp 00:01: Plug and Play ACPI device, IDs PNP0b00 (active)
[    0.140854] system 00:02: [io  0x1854-0x1857] has been reserved
[    0.140856] system 00:02: Plug and Play ACPI device, IDs INT3f0d PNP0c02 (active)
[    0.140897] system 00:03: [io  0x0290-0x029f] has been reserved
[    0.140899] system 00:03: Plug and Play ACPI device, IDs PNP0c02 (active)
[    0.141034] pnp 00:04: [dma 0 disabled]
[    0.141084] pnp 00:04: Plug and Play ACPI device, IDs PNP0400 (active)
[    0.141107] system 00:05: [io  0x04d0-0x04d1] has been reserved
[    0.141109] system 00:05: Plug and Play ACPI device, IDs PNP0c02 (active)
[    0.141206] pnp 00:06: [dma 0 disabled]
[    0.141228] pnp 00:06: Plug and Play ACPI device, IDs PNP0501 (active)
[    0.141334] pnp 00:07: [dma 0 disabled]
[    0.141355] pnp 00:07: Plug and Play ACPI device, IDs PNP0501 (active)
[    0.141563] system 00:08: [mem 0xfed1c000-0xfed1ffff] has been reserved
[    0.141564] system 00:08: [mem 0xfed10000-0xfed17fff] has been reserved
[    0.141565] system 00:08: [mem 0xfed18000-0xfed18fff] has been reserved
[    0.141566] system 00:08: [mem 0xfed19000-0xfed19fff] has been reserved
[    0.141567] system 00:08: [mem 0xf8000000-0xfbffffff] has been reserved
[    0.141568] system 00:08: [mem 0xfed20000-0xfed3ffff] has been reserved
[    0.141569] system 00:08: [mem 0xfed90000-0xfed93fff] has been reserved
[    0.141569] system 00:08: [mem 0xfed45000-0xfed8ffff] has been reserved
[    0.141570] system 00:08: [mem 0xff000000-0xffffffff] has been reserved
[    0.141571] system 00:08: [mem 0xfee00000-0xfeefffff] could not be reserved
[    0.141572] system 00:08: [mem 0xf7fdf000-0xf7fdffff] has been reserved
[    0.141573] system 00:08: [mem 0xf7fe0000-0xf7feffff] has been reserved
[    0.141574] system 00:08: Plug and Play ACPI device, IDs PNP0c02 (active)
[    0.141663] pnp 00:09: Plug and Play ACPI device, IDs IFX0102 PNP0c31 (active)
[    0.141691] pnp: PnP ACPI: found 10 devices
[    0.147222] clocksource: acpi_pm: mask: 0xffffff max_cycles: 0xffffff, max_idle_ns: 2085701024 ns
[    0.147230] pci 0000:00:01.0: PCI bridge to [bus 01]
[    0.147231] pci 0000:00:01.0:   bridge window [io  0xe000-0xefff]
[    0.147233] pci 0000:00:01.0:   bridge window [mem 0xf6000000-0xf70fffff]
[    0.147235] pci 0000:00:01.0:   bridge window [mem 0xe0000000-0xf1ffffff 64bit pref]
[    0.147237] pci_bus 0000:00: resource 4 [io  0x0000-0x0cf7 window]
[    0.147238] pci_bus 0000:00: resource 5 [io  0x0d00-0xffff window]
[    0.147239] pci_bus 0000:00: resource 6 [mem 0x000a0000-0x000bffff window]
[    0.147240] pci_bus 0000:00: resource 7 [mem 0x000d0000-0x000d3fff window]
[    0.147241] pci_bus 0000:00: resource 8 [mem 0x000d4000-0x000d7fff window]
[    0.147241] pci_bus 0000:00: resource 9 [mem 0x000d8000-0x000dbfff window]
[    0.147242] pci_bus 0000:00: resource 10 [mem 0x000dc000-0x000dffff window]
[    0.147243] pci_bus 0000:00: resource 11 [mem 0x000e0000-0x000e3fff window]
[    0.147244] pci_bus 0000:00: resource 12 [mem 0x000e4000-0x000e7fff window]
[    0.147245] pci_bus 0000:00: resource 13 [mem 0xe0000000-0xfeafffff window]
[    0.147245] pci_bus 0000:01: resource 0 [io  0xe000-0xefff]
[    0.147246] pci_bus 0000:01: resource 1 [mem 0xf6000000-0xf70fffff]
[    0.147247] pci_bus 0000:01: resource 2 [mem 0xe0000000-0xf1ffffff 64bit pref]
[    0.147265] NET: Registered protocol family 2
[    0.147388] TCP established hash table entries: 262144 (order: 9, 2097152 bytes)
[    0.147592] TCP bind hash table entries: 65536 (order: 8, 1048576 bytes)
[    0.147684] TCP: Hash tables configured (established 262144 bind 65536)
[    0.147705] UDP hash table entries: 16384 (order: 7, 524288 bytes)
[    0.147764] UDP-Lite hash table entries: 16384 (order: 7, 524288 bytes)
[    0.147832] NET: Registered protocol family 1
[    0.181420] pci 0000:01:00.0: Video device with shadowed ROM
[    0.181426] PCI: CLS 64 bytes, default 64
[    0.181457] Trying to unpack rootfs image as initramfs...
[    0.359936] Freeing initrd memory: 20864K (ffff880035730000 - ffff880036b90000)
[    0.359943] PCI-DMA: Using software bounce buffering for IO (SWIOTLB)
[    0.359945] software IO TLB [mem 0xd850e000-0xdc50e000] (64MB) mapped at [ffff8800d850e000-ffff8800dc50dfff]
[    0.359989] RAPL PMU detected, API unit is 2^-32 Joules, 4 fixed counters 655360 ms ovfl timer
[    0.359990] hw unit of domain pp0-core 2^-14 Joules
[    0.359991] hw unit of domain package 2^-14 Joules
[    0.359991] hw unit of domain dram 2^-14 Joules
[    0.359992] hw unit of domain pp1-gpu 2^-14 Joules
[    0.360070] microcode: CPU0 sig=0x306c3, pf=0x2, revision=0x19
[    0.360075] microcode: CPU1 sig=0x306c3, pf=0x2, revision=0x19
[    0.360079] microcode: CPU2 sig=0x306c3, pf=0x2, revision=0x19
[    0.360084] microcode: CPU3 sig=0x306c3, pf=0x2, revision=0x19
[    0.360088] microcode: CPU4 sig=0x306c3, pf=0x2, revision=0x19
[    0.360093] microcode: CPU5 sig=0x306c3, pf=0x2, revision=0x19
[    0.360096] microcode: CPU6 sig=0x306c3, pf=0x2, revision=0x19
[    0.360100] microcode: CPU7 sig=0x306c3, pf=0x2, revision=0x19
[    0.360131] microcode: Microcode Update Driver: v2.00 <tigran@aivazian.fsnet.co.uk>, Peter Oruba
[    0.360173] Scanning for low memory corruption every 60 seconds
[    0.360360] futex hash table entries: 2048 (order: 5, 131072 bytes)
[    0.360377] Initialise system trusted keyring
[    0.360390] audit: initializing netlink subsys (disabled)
[    0.360399] audit: type=2000 audit(1522248118.356:1): initialized
[    0.360625] HugeTLB registered 1 GB page size, pre-allocated 0 pages
[    0.360626] HugeTLB registered 2 MB page size, pre-allocated 0 pages
[    0.361413] zpool: loaded
[    0.361415] zbud: loaded
[    0.361521] VFS: Disk quotas dquot_6.6.0
[    0.361538] VFS: Dquot-cache hash table entries: 512 (order 0, 4096 bytes)
[    0.361803] fuse init (API version 7.23)
[    0.361877] Key type big_key registered
[    0.362103] Key type asymmetric registered
[    0.362105] Asymmetric key parser 'x509' registered
[    0.362111] Block layer SCSI generic (bsg) driver version 0.4 loaded (major 249)
[    0.362142] io scheduler noop registered
[    0.362143] io scheduler deadline registered (default)
[    0.362158] io scheduler cfq registered
[    0.362288] pci_hotplug: PCI Hot Plug PCI Core version: 0.5
[    0.362292] pciehp: PCI Express Hot Plug Controller Driver version: 0.4
[    0.362311] intel_idle: MWAIT substates: 0x42120
[    0.362311] intel_idle: v0.4.1 model 0x3C
[    0.362312] intel_idle: lapic_timer_reliable_states 0xffffffff
[    0.362516] input: Power Button as /devices/LNXSYSTM:00/LNXSYBUS:00/PNP0C0C:00/input/input0
[    0.362518] ACPI: Power Button [PWRB]
[    0.362537] input: Power Button as /devices/LNXSYSTM:00/LNXPWRBN:00/input/input1
[    0.362538] ACPI: Power Button [PWRF]
[    0.362969] thermal LNXTHERM:00: registered as thermal_zone0
[    0.362970] ACPI: Thermal Zone [TZ00] (28 C)
[    0.363084] thermal LNXTHERM:01: registered as thermal_zone1
[    0.363085] ACPI: Thermal Zone [TZ01] (30 C)
[    0.363106] GHES: HEST is not enabled!
[    0.363161] Serial: 8250/16550 driver, 32 ports, IRQ sharing enabled
[    0.383546] 00:06: ttyS0 at I/O 0x3f8 (irq = 4, base_baud = 115200) is a 16550A
[    0.403939] 00:07: ttyS1 at I/O 0x2f8 (irq = 3, base_baud = 115200) is a 16550A
[    0.424955] 0000:00:16.3: ttyS4 at I/O 0xf0a0 (irq = 19, base_baud = 115200) is a 16550A
[    0.425111] Linux agpgart interface v0.103
[    0.481870] tpm_tis 00:09: 1.2 TPM (device-id 0xB, rev-id 16)
[    0.735675] brd: module loaded
[    0.736188] loop: module loaded
[    0.736312] libphy: Fixed MDIO Bus: probed
[    0.736314] tun: Universal TUN/TAP device driver, 1.6
[    0.736314] tun: (C) 1999-2004 Max Krasnyansky <maxk@qualcomm.com>
[    0.736340] PPP generic driver version 2.4.2
[    0.736424] xhci_hcd 0000:00:14.0: xHCI Host Controller
[    0.736428] xhci_hcd 0000:00:14.0: new USB bus registered, assigned bus number 1
[    0.737482] xhci_hcd 0000:00:14.0: hcc params 0x200077c1 hci version 0x100 quirks 0x00009810
[    0.737486] xhci_hcd 0000:00:14.0: cache line size of 64 is not supported
[    0.737535] usb usb1: New USB device found, idVendor=1d6b, idProduct=0002
[    0.737536] usb usb1: New USB device strings: Mfr=3, Product=2, SerialNumber=1
[    0.737537] usb usb1: Product: xHCI Host Controller
[    0.737538] usb usb1: Manufacturer: Linux 4.2.0-42-generic xhci-hcd
[    0.737538] usb usb1: SerialNumber: 0000:00:14.0
[    0.737594] hub 1-0:1.0: USB hub found
[    0.737609] hub 1-0:1.0: 15 ports detected
[    0.739643] xhci_hcd 0000:00:14.0: xHCI Host Controller
[    0.739645] xhci_hcd 0000:00:14.0: new USB bus registered, assigned bus number 2
[    0.739667] usb usb2: New USB device found, idVendor=1d6b, idProduct=0003
[    0.739667] usb usb2: New USB device strings: Mfr=3, Product=2, SerialNumber=1
[    0.739668] usb usb2: Product: xHCI Host Controller
[    0.739669] usb usb2: Manufacturer: Linux 4.2.0-42-generic xhci-hcd
[    0.739670] usb usb2: SerialNumber: 0000:00:14.0
[    0.739719] hub 2-0:1.0: USB hub found
[    0.739728] hub 2-0:1.0: 6 ports detected
[    0.740318] ehci_hcd: USB 2.0 'Enhanced' Host Controller (EHCI) Driver
[    0.740321] ehci-pci: EHCI PCI platform driver
[    0.740367] ehci-pci 0000:00:1a.0: EHCI Host Controller
[    0.740370] ehci-pci 0000:00:1a.0: new USB bus registered, assigned bus number 3
[    0.740378] ehci-pci 0000:00:1a.0: debug port 2
[    0.744271] ehci-pci 0000:00:1a.0: cache line size of 64 is not supported
[    0.744276] ehci-pci 0000:00:1a.0: irq 16, io mem 0xf7138000
[    0.754274] ehci-pci 0000:00:1a.0: USB 2.0 started, EHCI 1.00
[    0.754295] usb usb3: New USB device found, idVendor=1d6b, idProduct=0002
[    0.754296] usb usb3: New USB device strings: Mfr=3, Product=2, SerialNumber=1
[    0.754297] usb usb3: Product: EHCI Host Controller
[    0.754298] usb usb3: Manufacturer: Linux 4.2.0-42-generic ehci_hcd
[    0.754298] usb usb3: SerialNumber: 0000:00:1a.0
[    0.754363] hub 3-0:1.0: USB hub found
[    0.754366] hub 3-0:1.0: 3 ports detected
[    0.754468] ehci-pci 0000:00:1d.0: EHCI Host Controller
[    0.754470] ehci-pci 0000:00:1d.0: new USB bus registered, assigned bus number 4
[    0.754478] ehci-pci 0000:00:1d.0: debug port 2
[    0.758362] ehci-pci 0000:00:1d.0: cache line size of 64 is not supported
[    0.758367] ehci-pci 0000:00:1d.0: irq 23, io mem 0xf7137000
[    0.770298] ehci-pci 0000:00:1d.0: USB 2.0 started, EHCI 1.00
[    0.770316] usb usb4: New USB device found, idVendor=1d6b, idProduct=0002
[    0.770317] usb usb4: New USB device strings: Mfr=3, Product=2, SerialNumber=1
[    0.770318] usb usb4: Product: EHCI Host Controller
[    0.770319] usb usb4: Manufacturer: Linux 4.2.0-42-generic ehci_hcd
[    0.770319] usb usb4: SerialNumber: 0000:00:1d.0
[    0.770384] hub 4-0:1.0: USB hub found
[    0.770386] hub 4-0:1.0: 3 ports detected
[    0.770447] ehci-platform: EHCI generic platform driver
[    0.770452] ohci_hcd: USB 1.1 'Open' Host Controller (OHCI) Driver
[    0.770454] ohci-pci: OHCI PCI platform driver
[    0.770459] ohci-platform: OHCI generic platform driver
[    0.770463] uhci_hcd: USB Universal Host Controller Interface driver
[    0.770486] i8042: PNP: No PS/2 controller found. Probing ports directly.
[    0.772940] serio: i8042 KBD port at 0x60,0x64 irq 1
[    0.772942] serio: i8042 AUX port at 0x60,0x64 irq 12
[    0.773160] mousedev: PS/2 mouse device common for all mice
[    0.773478] rtc_cmos 00:01: RTC can wake from S4
[    0.773587] rtc_cmos 00:01: rtc core: registered rtc_cmos as rtc0
[    0.773608] rtc_cmos 00:01: alarms up to one month, y3k, 242 bytes nvram, hpet irqs
[    0.773613] i2c /dev entries driver
[    0.773649] device-mapper: uevent: version 1.0.3
[    0.773716] device-mapper: ioctl: 4.33.0-ioctl (2015-8-18) initialised: dm-devel@redhat.com
[    0.773739] Intel P-state driver initializing.
[    0.773923] ledtrig-cpu: registered to indicate activity on CPUs
[    0.774379] PCCT header not found.
[    0.774911] NET: Registered protocol family 10
[    0.775438] NET: Registered protocol family 17
[    0.775482] Key type dns_resolver registered
[    0.776798] Loading compiled-in X.509 certificates
[    0.778499] Loaded X.509 cert 'Build time autogenerated kernel key: e17861789c2d8f1b8fc36cca1b402a6df7b7eea8'
[    0.778506] registered taskstats version 1
[    0.778520] zswap: loading zswap
[    0.778521] zswap: using zbud pool
[    0.778523] zswap: using lzo compressor
[    0.779662] Key type trusted registered
[    0.782342] Key type encrypted registered
[    0.782346] AppArmor: AppArmor sha1 policy hashing enabled
[    1.050770] usb 1-6: new low-speed USB device number 2 using xhci_hcd
[    1.066795] usb 3-1: new high-speed USB device number 2 using ehci-pci
[    1.082828] usb 4-1: new high-speed USB device number 2 using ehci-pci
[    1.199323] usb 3-1: New USB device found, idVendor=8087, idProduct=8008
[    1.199334] usb 3-1: New USB device strings: Mfr=0, Product=0, SerialNumber=0
[    1.199612] hub 3-1:1.0: USB hub found
[    1.199698] hub 3-1:1.0: 6 ports detected
[    1.215337] usb 4-1: New USB device found, idVendor=8087, idProduct=8000
[    1.215338] usb 4-1: New USB device strings: Mfr=0, Product=0, SerialNumber=0
[    1.215602] hub 4-1:1.0: USB hub found
[    1.215711] hub 4-1:1.0: 8 ports detected
[    1.241433] usb 1-6: New USB device found, idVendor=413c, idProduct=2107
[    1.241445] usb 1-6: New USB device strings: Mfr=1, Product=2, SerialNumber=0
[    1.241446] usb 1-6: Product: Dell USB Entry Keyboard
[    1.241446] usb 1-6: Manufacturer: Dell
[    1.241575] usb 1-6: ep 0x81 - rounding interval to 64 microframes, ep desc says 80 microframes
[    1.359264] tsc: Refined TSC clocksource calibration: 3990.756 MHz
[    1.359266] clocksource: tsc: mask: 0xffffffffffffffff max_cycles: 0x730c7efb04f, max_idle_ns: 881590489160 ns
[    1.395390] evm: HMAC attrs: 0x1
[    1.395717]   Magic number: 10:702:688
[    1.395858] rtc_cmos 00:01: setting system clock to 2018-03-28 14:41:59 UTC (1522248119)
[    1.395971] BIOS EDD facility v0.16 2004-Jun-25, 0 devices found
[    1.395972] EDD information not available.
[    1.396016] PM: Hibernation image not present or could not be loaded.
[    1.396262] Freeing unused kernel memory: 1472K (ffffffff81d3a000 - ffffffff81eaa000)
[    1.396263] Write protecting the kernel read-only data: 12288k
[    1.396412] Freeing unused kernel memory: 212K (ffff8800017cb000 - ffff880001800000)
[    1.396479] Freeing unused kernel memory: 276K (ffff880001bbb000 - ffff880001c00000)
[    1.401583] systemd-udevd[152]: starting version 204
[    1.413336] pps_core: LinuxPPS API ver. 1 registered
[    1.413337] pps_core: Software ver. 5.3.6 - Copyright 2005-2007 Rodolfo Giometti <giometti@linux.it>
[    1.413996] PTP clock support registered
[    1.414977] hidraw: raw HID events driver (C) Jiri Kosina
[    1.415547] ahci 0000:00:1f.2: version 3.0
[    1.415688] ahci 0000:00:1f.2: AHCI 0001.0300 32 slots 6 ports 6 Gbps 0x7 impl SATA mode
[    1.415691] ahci 0000:00:1f.2: flags: 64bit ncq led clo pio slum part ems apst 
[    1.415990] e1000e: Intel(R) PRO/1000 Network Driver - 3.2.5-k
[    1.415991] e1000e: Copyright(c) 1999 - 2015 Intel Corporation.
[    1.418985] usbcore: registered new interface driver usbhid
[    1.418986] usbhid: USB HID core driver
[    1.428631] input: Dell Dell USB Entry Keyboard as /devices/pci0000:00/0000:00:14.0/usb1/1-6/1-6:1.0/0003:413C:2107.0001/input/input5
[    1.431704] scsi host0: ahci
[    1.431773] scsi host1: ahci
[    1.431834] scsi host2: ahci
[    1.431896] scsi host3: ahci
[    1.431954] scsi host4: ahci
[    1.432013] scsi host5: ahci
[    1.432036] ata1: SATA max UDMA/133 abar m2048@0xf7136000 port 0xf7136100 irq 26
[    1.432037] ata2: SATA max UDMA/133 abar m2048@0xf7136000 port 0xf7136180 irq 26
[    1.432038] ata3: SATA max UDMA/133 abar m2048@0xf7136000 port 0xf7136200 irq 26
[    1.432039] ata4: DUMMY
[    1.432040] ata5: DUMMY
[    1.432040] ata6: DUMMY
[    1.432176] e1000e 0000:00:19.0: Interrupt Throttling Rate (ints/sec) set to dynamic conservative mode
[    1.483577] hid-generic 0003:413C:2107.0001: input,hidraw0: USB HID v1.10 Keyboard [Dell Dell USB Entry Keyboard] on usb-0000:00:14.0-6/input0
[    1.601420] e1000e 0000:00:19.0 eth0: registered PHC clock
[    1.601422] e1000e 0000:00:19.0 eth0: (PCI Express:2.5GT/s:Width x1) 40:16:7e:a4:b9:2b
[    1.601432] e1000e 0000:00:19.0 eth0: Intel(R) PRO/1000 Network Connection
[    1.601457] e1000e 0000:00:19.0 eth0: MAC: 11, PHY: 12, PBA No: FFFFFF-0FF
[    1.751892] ata3: SATA link up 1.5 Gbps (SStatus 113 SControl 300)
[    1.751907] ata2: SATA link up 3.0 Gbps (SStatus 123 SControl 300)
[    1.751920] ata1: SATA link up 6.0 Gbps (SStatus 133 SControl 300)
[    1.752695] ata1.00: ATA-9: ST4000DM000-1F2168, CC54, max UDMA/133
[    1.752696] ata1.00: 7814037168 sectors, multi 16: LBA48 NCQ (depth 31/32), AA
[    1.753405] ata1.00: configured for UDMA/133
[    1.753531] scsi 0:0:0:0: Direct-Access     ATA      ST4000DM000-1F21 CC54 PQ: 0 ANSI: 5
[    1.753770] sd 0:0:0:0: [sda] 7814037168 512-byte logical blocks: (4.00 TB/3.63 TiB)
[    1.753772] sd 0:0:0:0: [sda] 4096-byte physical blocks
[    1.753778] sd 0:0:0:0: Attached scsi generic sg0 type 0
[    1.753783] sd 0:0:0:0: [sda] Write Protect is off
[    1.753784] sd 0:0:0:0: [sda] Mode Sense: 00 3a 00 00
[    1.753789] sd 0:0:0:0: [sda] Write cache: enabled, read cache: enabled, doesn't support DPO or FUA
[    1.754156] ata3.00: ATAPI: TSSTcorp CDDVDW SH-224FB, SB00, max UDMA/100
[    1.755056] ata3.00: configured for UDMA/100
[    1.772606] ata2.00: ATA-8: SAMSUNG HD501LJ, CR100-11, max UDMA7
[    1.772608] ata2.00: 976773168 sectors, multi 16: LBA48 NCQ (depth 31/32), AA
[    1.774632] ata2.00: configured for UDMA/133
[    1.774715] scsi 1:0:0:0: Direct-Access     ATA      SAMSUNG HD501LJ  0-11 PQ: 0 ANSI: 5
[    1.774869] sd 1:0:0:0: [sdb] 976773168 512-byte logical blocks: (500 GB/465 GiB)
[    1.774872] sd 1:0:0:0: Attached scsi generic sg1 type 0
[    1.774980] sd 1:0:0:0: [sdb] Write Protect is off
[    1.774982] sd 1:0:0:0: [sdb] Mode Sense: 00 3a 00 00
[    1.775020] sd 1:0:0:0: [sdb] Write cache: enabled, read cache: enabled, doesn't support DPO or FUA
[    1.776915] scsi 2:0:0:0: CD-ROM            TSSTcorp CDDVDW SH-224FB  SB00 PQ: 0 ANSI: 5
[    1.795935] sr 2:0:0:0: [sr0] scsi3-mmc drive: 48x/48x writer dvd-ram cd/rw xa/form2 cdda tray
[    1.795937] cdrom: Uniform CD-ROM driver Revision: 3.20
[    1.796032] sr 2:0:0:0: Attached scsi CD-ROM sr0
[    1.796077] sr 2:0:0:0: Attached scsi generic sg2 type 5
[    1.796168]  sda: sda1 sda2 sda3
[    1.796355] sd 0:0:0:0: [sda] Attached SCSI disk
[    1.805648]  sdb: sdb1 sdb2 < sdb5 >
[    1.806333] sd 1:0:0:0: [sdb] Attached SCSI disk
[    2.360988] clocksource: Switched to clocksource tsc
[    2.553128] random: nonblocking pool is initialized
[    2.599660] EXT4-fs (sda2): mounted filesystem with ordered data mode. Opts: (null)
[    7.827306] Adding 34188284k swap on /dev/sda1.  Priority:-1 extents:1 across:34188284k FS
[    8.030241] systemd-udevd[354]: starting version 204
[    8.096426] lp: driver loaded but no devices found
[    8.098892] ppdev: user-space parallel port driver
[    8.100134] parport_pc 00:04: reported by Plug and Play ACPI
[    8.100188] parport0: PC-style at 0x378, irq 5 [PCSPP]
[    8.116077] wmi: Mapper loaded
[    8.116229] shpchp: Standard Hot Plug PCI Controller Driver version: 0.4
[    8.124342] [drm] Initialized drm 1.1.0 20060810
[    8.136218] AVX2 version of gcm_enc/dec engaged.
[    8.136220] AES CTR mode by8 optimization enabled
[    8.153334] intel_rapl: Found RAPL domain package
[    8.153336] intel_rapl: Found RAPL domain core
[    8.153338] intel_rapl: Found RAPL domain dram
[    8.165893] snd_hda_intel 0000:01:00.1: Disabling MSI
[    8.165898] snd_hda_intel 0000:01:00.1: Handle VGA-switcheroo audio client
[    8.191562] audit: type=1400 audit(1522248126.281:2): apparmor="STATUS" operation="profile_load" profile="unconfined" name="/sbin/dhclient" pid=501 comm="apparmor_parser"
[    8.191566] audit: type=1400 audit(1522248126.281:3): apparmor="STATUS" operation="profile_load" profile="unconfined" name="/usr/lib/NetworkManager/nm-dhcp-client.action" pid=501 comm="apparmor_parser"
[    8.191568] audit: type=1400 audit(1522248126.281:4): apparmor="STATUS" operation="profile_load" profile="unconfined" name="/usr/lib/connman/scripts/dhclient-script" pid=501 comm="apparmor_parser"
[    8.191573] audit: type=1400 audit(1522248126.281:5): apparmor="STATUS" operation="profile_replace" profile="unconfined" name="/sbin/dhclient" pid=502 comm="apparmor_parser"
[    8.191576] audit: type=1400 audit(1522248126.281:6): apparmor="STATUS" operation="profile_replace" profile="unconfined" name="/usr/lib/NetworkManager/nm-dhcp-client.action" pid=502 comm="apparmor_parser"
[    8.191578] audit: type=1400 audit(1522248126.281:7): apparmor="STATUS" operation="profile_replace" profile="unconfined" name="/usr/lib/connman/scripts/dhclient-script" pid=502 comm="apparmor_parser"
[    8.194124] lp0: using parport0 (interrupt-driven).
[    8.203454] asus_wmi: ASUS WMI generic driver loaded
[    8.204245] snd_hda_codec_realtek hdaudioC0D0: autoconfig for ALC887-VD: line_outs=1 (0x14/0x0/0x0/0x0/0x0) type:line
[    8.204247] snd_hda_codec_realtek hdaudioC0D0:    speaker_outs=0 (0x0/0x0/0x0/0x0/0x0)
[    8.204248] snd_hda_codec_realtek hdaudioC0D0:    hp_outs=1 (0x1b/0x0/0x0/0x0/0x0)
[    8.204248] snd_hda_codec_realtek hdaudioC0D0:    mono: mono_out=0x0
[    8.204249] snd_hda_codec_realtek hdaudioC0D0:    inputs:
[    8.204250] snd_hda_codec_realtek hdaudioC0D0:      Front Mic=0x19
[    8.204251] snd_hda_codec_realtek hdaudioC0D0:      Rear Mic=0x18
[    8.204252] snd_hda_codec_realtek hdaudioC0D0:      Line=0x1a
[    8.204650] asus_wmi: Initialization: 0x0
[    8.204668] asus_wmi: BIOS WMI version: 0.9
[    8.204700] asus_wmi: SFUN value: 0x0
[    8.204964] input: Eee PC WMI hotkeys as /devices/platform/eeepc-wmi/input/input6
[    8.205027] asus_wmi: Number of fans: 1
[    8.215271] input: HDA Intel PCH Front Mic as /devices/pci0000:00/0000:00:1b.0/sound/card0/input7
[    8.215320] input: HDA Intel PCH Rear Mic as /devices/pci0000:00/0000:00:1b.0/sound/card0/input8
[    8.215364] input: HDA Intel PCH Line as /devices/pci0000:00/0000:00:1b.0/sound/card0/input9
[    8.215427] input: HDA Intel PCH Line Out as /devices/pci0000:00/0000:00:1b.0/sound/card0/input10
[    8.215494] input: HDA Intel PCH Front Headphone as /devices/pci0000:00/0000:00:1b.0/sound/card0/input11
[    8.317864] nvidia: module license 'NVIDIA' taints kernel.
[    8.317866] Disabling lock debugging due to kernel taint
[    8.320140] nvidia: module verification failed: signature and/or required key missing - tainting kernel
[    8.323293] vgaarb: device changed decodes: PCI:0000:01:00.0,olddecodes=io+mem,decodes=none:owns=io+mem
[    8.323343] nvidia-nvlink: Nvlink Core is being initialized, major device number 244
[    8.323354] NVRM: loading NVIDIA UNIX x86_64 Kernel Module  375.51  Wed Mar 22 10:26:12 PDT 2017 (using threaded interrupts)
[    8.324065] nvidia-modeset: Loading NVIDIA Kernel Mode Setting Driver for UNIX platforms  375.51  Wed Mar 22 09:00:58 PDT 2017
[    8.324628] [drm] [nvidia-drm] [GPU ID 0x00000100] Loading driver
[    8.409323] nvidia-uvm: Loaded the UVM driver in 8 mode, major device number 243
[    8.659306] input: HDA NVidia HDMI/DP,pcm=3 as /devices/pci0000:00/0000:00:01.0/0000:01:00.1/sound/card1/input12
[    8.659373] input: HDA NVidia HDMI/DP,pcm=7 as /devices/pci0000:00/0000:00:01.0/0000:01:00.1/sound/card1/input13
[    8.659429] input: HDA NVidia HDMI/DP,pcm=8 as /devices/pci0000:00/0000:00:01.0/0000:01:00.1/sound/card1/input14
[    8.659529] input: HDA NVidia HDMI/DP,pcm=9 as /devices/pci0000:00/0000:00:01.0/0000:01:00.1/sound/card1/input15
[    9.685961] EXT4-fs (sda2): re-mounted. Opts: errors=remount-ro
[    9.969397] EXT4-fs (sda3): mounted filesystem with ordered data mode. Opts: (null)
[   10.000716] init: failsafe main process (777) killed by TERM signal
[   10.102990] audit: type=1400 audit(1522248128.189:8): apparmor="STATUS" operation="profile_load" profile="unconfined" name="/usr/lib/cups/backend/cups-pdf" pid=888 comm="apparmor_parser"
[   10.102994] audit: type=1400 audit(1522248128.189:9): apparmor="STATUS" operation="profile_load" profile="unconfined" name="/usr/sbin/cupsd" pid=888 comm="apparmor_parser"
[   10.207792] Bluetooth: Core ver 2.20
[   10.207811] NET: Registered protocol family 31
[   10.207812] Bluetooth: HCI device and connection manager initialized
[   10.207814] Bluetooth: HCI socket layer initialized
[   10.207816] Bluetooth: L2CAP socket layer initialized
[   10.207819] Bluetooth: SCO socket layer initialized
[   10.209599] Bluetooth: RFCOMM TTY layer initialized
[   10.209602] Bluetooth: RFCOMM socket layer initialized
[   10.209604] Bluetooth: RFCOMM ver 1.11
[   10.213319] Bluetooth: BNEP (Ethernet Emulation) ver 1.3
[   10.213321] Bluetooth: BNEP filters: protocol multicast
[   10.213323] Bluetooth: BNEP socket layer initialized
[   10.299885] init: cups main process (894) killed by HUP signal
[   10.299890] init: cups main process ended, respawning
[   10.420617] audit: type=1400 audit(1522248128.505:10): apparmor="STATUS" operation="profile_load" profile="unconfined" name="/usr/sbin/tcpdump" pid=986 comm="apparmor_parser"
[   10.420652] audit: type=1400 audit(1522248128.505:11): apparmor="STATUS" operation="profile_load" profile="unconfined" name="/usr/sbin/cups-browsed" pid=983 comm="apparmor_parser"
[   11.271045] IPv6: ADDRCONF(NETDEV_UP): eth0: link is not ready
[   11.714094] nvidia-modeset: Allocated GPU:0 (GPU-bc4f93bf-c92b-b196-d1ab-526a7c39fecf) @ PCI:0000:01:00.0
[   12.506779] nvidia-modeset: Freed GPU:0 (GPU-bc4f93bf-c92b-b196-d1ab-526a7c39fecf) @ PCI:0000:01:00.0
[   13.158309] init: plymouth-upstart-bridge main process ended, respawning
[   13.182551] init: lightdm main process (1232) terminated with status 1
[   13.183798] init: plymouth-ready (startup) main process (239) terminated with status 1
[   14.838371] e1000e: eth0 NIC Link is Up 1000 Mbps Full Duplex, Flow Control: None
[   14.838400] IPv6: ADDRCONF(NETDEV_CHANGE): eth0: link becomes ready
[   16.802781] nvidia-modeset: Allocated GPU:0 (GPU-bc4f93bf-c92b-b196-d1ab-526a7c39fecf) @ PCI:0000:01:00.0
[   17.582155] nvidia-modeset: Freed GPU:0 (GPU-bc4f93bf-c92b-b196-d1ab-526a7c39fecf) @ PCI:0000:01:00.0
[   31.832660] init: failsafe-x main process (1452) terminated with status 1
[   40.194327] audit_printk_skb: 57 callbacks suppressed
[   40.194329] audit: type=1400 audit(1522248158.226:31): apparmor="STATUS" operation="profile_replace" profile="unconfined" name="/usr/lib/cups/backend/cups-pdf" pid=1711 comm="apparmor_parser"
[   40.194333] audit: type=1400 audit(1522248158.226:32): apparmor="STATUS" operation="profile_replace" profile="unconfined" name="/usr/sbin/cupsd" pid=1711 comm="apparmor_parser"
[  963.029944] nvidia-modeset: Allocated GPU:0 (GPU-bc4f93bf-c92b-b196-d1ab-526a7c39fecf) @ PCI:0000:01:00.0
[ 1618.072693] systemd-hostnamed[4913]: Warning: nss-myhostname is not installed. Changing the local hostname might make it unresolveable. Please install nss-myhostname!
[ 4426.556111] perf interrupt took too long (2526 > 2500), lowering kernel.perf_event_max_sample_rate to 50000
